Java HotSpot(TM) 64-Bit Server VM (25.292-b10) for linux-amd64 JRE (1.8.0_292-b10), built on Apr 13 2021 11:48:56 by "java_re" with gcc 7.3.0
2024-01-15T10:00:01.000+0000: 1.000: [GC (Allocation Failure) [ParNew: 204800K->25600K(230400K), 0.0312340 secs] 204800K->25600K(1013760K), 0.0313456 secs] [Times: user=0.12 sys=0.00, real=0.03 secs]
2024-01-15T10:00:04.500+0000: 4.500: [GC (Allocation Failure) [ParNew: 230400K->28800K(230400K), 0.0387650 secs] 230400K->28800K(1013760K), 0.0388760 secs] [Times: user=0.15 sys=0.00, real=0.04 secs]
2024-01-15T10:00:09.000+0000: 9.000: [GC (CMS Initial Mark) [1 CMS-initial-mark: 512000K(783360K)] 540800K(1013760K), 0.0023456 secs] [Times: user=0.01 sys=0.00, real=0.00 secs]
2024-01-15T10:00:09.500+0000: 9.500: [CMS-concurrent-mark-start]
2024-01-15T10:00:10.800+0000: 10.800: [CMS-concurrent-mark: 1.300/1.300 secs] [Times: user=2.60 sys=0.02, real=1.30 secs]
2024-01-15T10:00:10.850+0000: 10.850: [CMS-concurrent-preclean-start]
2024-01-15T10:00:11.100+0000: 11.100: [CMS-concurrent-preclean: 0.250/0.250 secs] [Times: user=0.50 sys=0.00, real=0.25 secs]
2024-01-15T10:00:11.200+0000: 11.200: [GC (CMS Final Remark) [YG occupancy: 102400K (230400K)] 2024-01-15T10:00:11.200+0000: 11.200: [Rescan (parallel), 0.0234567 secs] [1 CMS-remark: 563200K(783360K)] 665600K(1013760K), 0.0267890 secs] [Times: user=0.11 sys=0.00, real=0.03 secs]
2024-01-15T10:00:11.500+0000: 11.500: [CMS-concurrent-sweep-start]
2024-01-15T10:00:12.300+0000: 12.300: [CMS-concurrent-sweep: 0.800/0.800 secs] [Times: user=1.60 sys=0.01, real=0.80 secs]
2024-01-15T10:00:15.000+0000: 15.000: [GC (Allocation Failure) [ParNew: 230400K->32000K(230400K), 0.0412340 secs] 486400K->288000K(1013760K), 0.0413456 secs] [Times: user=0.16 sys=0.00, real=0.04 secs]
2024-01-15T10:00:20.000+0000: 20.000: [GC (Allocation Failure) [ParNew: 262400K->40000K(230400K), 0.0512340 secs] 518400K->296000K(1013760K), 0.0513456 secs] [Times: user=0.20 sys=0.00, real=0.05 secs]
2024-01-15T10:00:40.000+0000: 40.000: [Full GC (Allocation Failure) [CMS: 700000K->620000K(783360K)], 1.2345678 secs] 900000K->620000K(1013760K), [CMS Metaspace: 52000K->52000K(1097728K)], 1.2346789 secs] [Times: user=1.23 sys=0.01, real=1.23 secs]
2024-01-15T10:00:55.000+0000: 55.000: [GC (Allocation Failure) [ParNew: 204800K->25600K(230400K), 0.0312340 secs] 824800K->645600K(1013760K), 0.0313456 secs] [Times: user=0.12 sys=0.00, real=0.03 secs]
2024-01-15T10:01:05.000+0000: 65.000: [GC (Allocation Failure) [ParNew: 230400K->28800K(230400K), 0.0387650 secs] 851200K->649600K(1013760K), 0.0388760 secs] [Times: user=0.15 sys=0.00, real=0.04 secs]
